15:40:31 **** Incremental Build of configuration Debug for project MCAL_PWM ****
make -j12 all 
arm-none-eabi-gcc "../Core/Src/main.c" -mcpu=cortex-m4 -std=gnu11 -g3 -DDEBUG -DUSE_HAL_DRIVER -DSTM32F334x8 -c -I../Core/Inc -I../Drivers/STM32F3xx_HAL_Driver/Inc -I../Drivers/STM32F3xx_HAL_Driver/Inc/Legacy -I../Drivers/CMSIS/Device/ST/STM32F3xx/Include -I../Drivers/CMSIS/Include -O0 -ffunction-sections -fdata-sections -Wall -fstack-usage -fcyclomatic-complexity -MMD -MP -MF"Core/Src/main.d" -MT"Core/Src/main.o" --specs=nano.specs -mfpu=fpv4-sp-d16 -mfloat-abi=hard -mthumb -o "Core/Src/main.o"
arm-none-eabi-gcc -o "MCAL_PWM.elf" @"objects.list"   -mcpu=cortex-m4 -T"C:\Users\arunk\STM32CubeIDE\Embedded_C\workspace_1.14.1\MCAL_PWM\STM32F334R8TX_FLASH.ld" --specs=nosys.specs -Wl,-Map="MCAL_PWM.map" -Wl,--gc-sections -static --specs=nano.specs -mfpu=fpv4-sp-d16 -mfloat-abi=hard -mthumb -Wl,--start-group -lc -lm -Wl,--end-group
Finished building target: MCAL_PWM.elf
 
arm-none-eabi-size  MCAL_PWM.elf 
arm-none-eabi-objdump -h -S MCAL_PWM.elf  > "MCAL_PWM.list"
   text	   data	    bss	    dec	    hex	filename
   1044	     12	   1572	   2628	    a44	MCAL_PWM.elf
Finished building: default.size.stdout
 
Finished building: MCAL_PWM.list
 

15:40:33 Build Finished. 0 errors, 0 warnings. (took 1s.789ms)

