13:10:37 **** Incremental Build of configuration Debug for project UART_receiving ****
make -j12 all 
arm-none-eabi-gcc "../Core/Src/main.c" -mcpu=cortex-m4 -std=gnu11 -g3 -DDEBUG -DUSE_HAL_DRIVER -DSTM32F334x8 -c -I../Core/Inc -I../Drivers/STM32F3xx_HAL_Driver/Inc -I../Drivers/STM32F3xx_HAL_Driver/Inc/Legacy -I../Drivers/CMSIS/Device/ST/STM32F3xx/Include -I../Drivers/CMSIS/Include -O0 -ffunction-sections -fdata-sections -Wall -fstack-usage -fcyclomatic-complexity -MMD -MP -MF"Core/Src/main.d" -MT"Core/Src/main.o" --specs=nano.specs -mfpu=fpv4-sp-d16 -mfloat-abi=hard -mthumb -o "Core/Src/main.o"
arm-none-eabi-gcc -o "UART_receiving.elf" @"objects.list"   -mcpu=cortex-m4 -T"C:\Users\arunk\STM32CubeIDE\Embedded_C\workspace_1.14.1\UART_receiving\STM32F334R8TX_FLASH.ld" --specs=nosys.specs -Wl,-Map="UART_receiving.map" -Wl,--gc-sections -static --specs=nano.specs -mfpu=fpv4-sp-d16 -mfloat-abi=hard -mthumb -Wl,--start-group -lc -lm -Wl,--end-group
Finished building target: UART_receiving.elf
 
arm-none-eabi-size  UART_receiving.elf 
arm-none-eabi-objdump -h -S UART_receiving.elf  > "UART_receiving.list"
   text	   data	    bss	    dec	    hex	filename
  13464	     12	   1724	  15200	   3b60	UART_receiving.elf
Finished building: default.size.stdout
 
Finished building: UART_receiving.list
 

13:10:38 Build Finished. 0 errors, 0 warnings. (took 1s.205ms)

